
> task-management-new@0.1.0 build
> next build

  Γû▓ Next.js 14.2.35
  - Environments: .env.local, .env

   Creating an optimized production build ...
> [PWA] Compile server
> [PWA] Compile server
> [PWA] Compile client (static)
> [PWA] Auto register service worker with: C:\Users\jayak\Documents\Task Management New\task-management-new\node_modules\next-pwa\register.js
> [PWA] Service worker: C:\Users\jayak\Documents\Task Management New\task-management-new\public\sw.js
> [PWA]   url: /sw.js
> [PWA]   scope: /
> [PWA] Fallback to precache routes when fetch failed from cache or network:
> [PWA]   document (page): /offline
 Γ£ô Compiled successfully
   Skipping validation of types
   Skipping linting
   Collecting page data ...
   Generating static pages (0/20) ...
node.exe : Fetch 
next-id error: n 
[Error]: Dynamic 
server usage: Route 
/api/tasks/next-id 
couldn't be rendered 
statically because it 
used `headers`. See 
more info here: https:/
/nextjs.org/docs/messag
es/dynamic-server-error
At line:1 char:1
+ & "C:\Program 
Files\nodejs/node.exe" 
"C:\Program 
Files\nodejs/node_mo 
...
+ ~~~~~~~~~~~~~~~~~~~~~
~~~~~~~~~~~~~~~~~~~~~~~
~~~~~~~~~~~~~~~~~~~~~~~
~~
    + CategoryInfo     
         : NotSpecifi  
  ed: (Fetch next-id   
  e...ic-server-err    
or:String) [], Rem    
oteException
    + FullyQualifiedEr 
   rorId : NativeComm  
  andError
 
    at l (C:\Users\jaya
k\Documents\Task 
Management New\task-man
agement-new\.next\serve
r\chunks\948.js:1:56327
)
    at d (C:\Users\jaya
k\Documents\Task 
Management New\task-man
agement-new\.next\serve
r\chunks\857.js:25:2659
5)
    at s (C:\Users\jaya
k\Documents\Task 
Management New\task-man
agement-new\.next\serve
r\chunks\857.js:25:1958
4)
    at c (C:\Users\jaya
k\Documents\Task 
Management New\task-man
agement-new\.next\serve
r\app\api\tasks\next-id
\route.js:1:1302)
    at C:\Users\jayak\D
ocuments\Task 
Management New\task-man
agement-new\node_module
s\next\dist\compiled\ne
xt-server\app-route.run
time.prod.js:6:38417
    at C:\Users\jayak\D
ocuments\Task 
Management New\task-man
agement-new\node_module
s\next\dist\server\lib\
trace\tracer.js:140:36
    at NoopContextManag
er.with (C:\Users\jayak
\Documents\Task 
Management New\task-man
agement-new\node_module
s\@opentelemetry\api\bu
ild\src\context\NoopCon
textManager.js:25:19)
    at ContextAPI.with 
(C:\Users\jayak\Documen
ts\Task Management New\
task-management-new\nod
e_modules\@opentelemetr
y\api\build\src\api\con
text.js:60:46)
    at NoopTracer.start
ActiveSpan (C:\Users\ja
yak\Documents\Task 
Management New\task-man
agement-new\node_module
s\@opentelemetry\api\bu
ild\src\trace\NoopTrace
r.js:65:31)
    at ProxyTracer.star
tActiveSpan (C:\Users\j
ayak\Documents\Task 
Management New\task-man
agement-new\node_module
s\@opentelemetry\api\bu
ild\src\trace\ProxyTrac
er.js:36:24) {
  description: "Route 
/api/tasks/next-id 
couldn't be rendered 
statically because it 
used `headers`. See 
more info here: https:/
/nextjs.org/docs/messag
es/dynamic-server-error
",
  digest: 
'DYNAMIC_SERVER_USAGE'
}
   Generating static pages (5/20) 
   Generating static pages (10/20) 
   Generating static pages (15/20) 
 Γ£ô Generating static pages (20/20)
   Finalizing page optimization ...
   Collecting build traces ...

Route (app)                              Size     First Load JS
Γöî Γùï /                                    138 B          87.5 kB
Γö£ Γùï /_not-found                          873 B          88.2 kB
Γö£ ╞Æ /api/auth/[...nextauth]              0 B                0 B
Γö£ ╞Æ /api/auth/reset-pin                  0 B                0 B
Γö£ ╞Æ /api/auth/send-otp                   0 B                0 B
Γö£ ╞Æ /api/auth/verify-otp                 0 B                0 B
Γö£ ╞Æ /api/check-phone                     0 B                0 B
Γö£ ╞Æ /api/employees                       0 B                0 B
Γö£ ╞Æ /api/employees/[id]                  0 B                0 B
Γö£ Γùï /api/health                          0 B                0 B
Γö£ ╞Æ /api/pin-reset                       0 B                0 B
Γö£ ╞Æ /api/tasks                           0 B                0 B
Γö£ ╞Æ /api/tasks/next-id                   0 B                0 B
Γö£ ╞Æ /dashboard                           11.1 kB         140 kB
Γö£ ╞Æ /dashboard/employees                 7.86 kB         137 kB
Γö£ ╞Æ /dashboard/tasks/new                 4.49 kB         133 kB
Γö£ Γùï /forgot-pin                          39.9 kB         169 kB
Γö£ Γùï /login                               4.39 kB         148 kB
Γöö Γùï /offline                             1.8 kB         89.1 kB
+ First Load JS shared by all            87.3 kB
  Γö£ chunks/117-521b3ac26411125a.js       31.7 kB
  Γö£ chunks/fd9d1056-411c0e320fe15393.js  53.6 kB
  Γöö other shared chunks (total)          1.95 kB


Γùï  (Static)   prerendered as static content
╞Æ  (Dynamic)  server-rendered on demand

